// Jest Snapshot v1, https://goo.gl/fbAQLP

exports[`Single channel query results should match snapshot 1`] = `undefined`;

exports[`Single channel query results should match snapshot 2`] = `undefined`;
