// Jest Snapshot v1, https://goo.gl/fbAQLP

exports[`User Configuration A users gets their default network and default filters loaded in the Configuration Processor after login 1`] = `
Object {
  "uiAnalystConfiguration": Object {
    "acknowledgementQuietDuration": 300000,
    "availableQuietDurations": Array [
      300000,
      900000,
      3600000,
      86400000,
      604800000,
    ],
    "defaultFilters": Array [
      Object {
        "description": "Hamming FIR Filter Band Pass, 0.70-2.00 Hz",
        "filterCausality": "CAUSAL",
        "filterPassBandType": "BAND_PASS",
        "filterSource": "SYSTEM",
        "filterType": "FIR_HAMMING",
        "groupDelaySecs": 1.2,
        "highFrequencyHz": 2,
        "id": "48fd578e-e428-43ff-9f9e-62598e7e6ce6",
        "lowFrequencyHz": 0.7,
        "name": "HAM FIR BP 0.70-2.00 Hz",
        "order": 48,
        "sampleRate": 20,
        "sampleRateTolerance": 0.05,
        "validForSampleRate": "true",
        "zeroPhase": "false",
      },
      Object {
        "description": "Hamming FIR Filter Band Pass, 0.70-2.00 Hz",
        "filterCausality": "CAUSAL",
        "filterPassBandType": "BAND_PASS",
        "filterSource": "SYSTEM",
        "filterType": "FIR_HAMMING",
        "groupDelaySecs": 0.6,
        "highFrequencyHz": 2,
        "id": "0351d87a-fde9-43e2-8754-84a1d797fbc1",
        "lowFrequencyHz": 0.7,
        "name": "HAM FIR BP 0.70-2.00 Hz",
        "order": 48,
        "sampleRate": 40,
        "sampleRateTolerance": 0.05,
        "validForSampleRate": "true",
        "zeroPhase": "false",
      },
      Object {
        "description": "Hamming FIR Filter Band Pass, 1.00-3.00 Hz",
        "filterCausality": "CAUSAL",
        "filterPassBandType": "BAND_PASS",
        "filterSource": "SYSTEM",
        "filterType": "FIR_HAMMING",
        "groupDelaySecs": 1.2,
        "highFrequencyHz": 3,
        "id": "56893621-d9a1-4cfd-830a-13969f9d2aad",
        "lowFrequencyHz": 1,
        "name": "HAM FIR BP 1.00-3.00 Hz",
        "order": 48,
        "sampleRate": 20,
        "sampleRateTolerance": 0.05,
        "validForSampleRate": "true",
        "zeroPhase": "false",
      },
      Object {
        "description": "Hamming FIR Filter Band Pass, 1.00-3.00 Hz",
        "filterCausality": "CAUSAL",
        "filterPassBandType": "BAND_PASS",
        "filterSource": "SYSTEM",
        "filterType": "FIR_HAMMING",
        "groupDelaySecs": 0.6,
        "highFrequencyHz": 3,
        "id": "8bab76bd-db1a-4226-a151-786577adb3d8",
        "lowFrequencyHz": 1,
        "name": "HAM FIR BP 1.00-3.00 Hz",
        "order": 48,
        "sampleRate": 40,
        "sampleRateTolerance": 0.05,
        "validForSampleRate": "true",
        "zeroPhase": "false",
      },
      Object {
        "description": "Hamming FIR Filter Band Pass, 4.00-8.00 Hz",
        "filterCausality": "CAUSAL",
        "filterPassBandType": "BAND_PASS",
        "filterSource": "SYSTEM",
        "filterType": "FIR_HAMMING",
        "groupDelaySecs": 1.19999999999,
        "highFrequencyHz": 8,
        "id": "db5e61a0-b8dc-48a7-b56c-5e497925e89c",
        "lowFrequencyHz": 4,
        "name": "HAM FIR BP 4.00-8.00 Hz",
        "order": 48,
        "sampleRate": 20,
        "sampleRateTolerance": 0.05,
        "validForSampleRate": "true",
        "zeroPhase": "false",
      },
      Object {
        "description": "Hamming FIR Filter Band Pass, 4.00-8.00 Hz",
        "filterCausality": "CAUSAL",
        "filterPassBandType": "BAND_PASS",
        "filterSource": "SYSTEM",
        "filterType": "FIR_HAMMING",
        "groupDelaySecs": 0.6,
        "highFrequencyHz": 8,
        "id": "b92d6ade-3e69-42b6-82e5-f9290f50120f",
        "lowFrequencyHz": 4,
        "name": "HAM FIR BP 4.00-8.00 Hz",
        "order": 48,
        "sampleRate": 40,
        "sampleRateTolerance": 0.05,
        "validForSampleRate": "true",
        "zeroPhase": "false",
      },
    ],
    "defaultNetwork": "demo",
    "logLevel": "error",
    "redisplayPeriod": 5000,
    "reprocessingPeriod": 20,
    "sohHistoricalDurations": Array [
      21600000,
      43200000,
      86400000,
    ],
    "sohStationGroupNames": Array [
      Object {
        "name": "All_2",
        "priority": 0,
      },
      Object {
        "name": "All_1",
        "priority": 1,
      },
      Object {
        "name": "EurAsia",
        "priority": 2,
      },
      Object {
        "name": "Wrapped",
        "priority": 3,
      },
      Object {
        "name": "I_To_Z",
        "priority": 4,
      },
      Object {
        "name": "CD1.1",
        "priority": 5,
      },
      Object {
        "name": "OthCont",
        "priority": 6,
      },
      Object {
        "name": "A_To_H",
        "priority": 7,
      },
    ],
    "sohStationStaleTimeMS": 300000,
  },
}
`;
