// Jest Snapshot v1, https://goo.gl/fbAQLP

exports[`Network SOH Status query should match snapshot 1`] = `undefined`;
