// Jest Snapshot v1, https://goo.gl/fbAQLP

exports[`AzimuthSlowness Direct AzimuthSlowness renders directly with data correctly 1`] = `
<Blueprint3.NonIdealState
  icon="heat-grid"
  title="No FK Data Available"
/>
`;
