// Jest Snapshot v1, https://goo.gl/fbAQLP

exports[`Soh toolbar component should match snapshot 1`] = `
<Component
  displayTimeWarning={false}
  leftItems={
    Array [
      Object {
        "custom": false,
        "dropdownOptions": Object {},
        "onChange": [MockFunction],
        "rank": 2,
        "value": Object {},
      },
    ]
  }
  rightItems={Array []}
  setStatusesToDisplay={[MockFunction]}
  sohStationStaleTimeMS={30000}
  statusFilterText=""
  statusFilterTooltip="test tooltip"
  statusesToDisplay={
    Map {
      "GOOD" => true,
    }
  }
  toggleHighlight={[MockFunction]}
  updateIntervalSecs={1}
  updatedAt={10000}
  widthPx={1000}
>
  <Component
    items={
      Array [
        Object {
          "hasIssue": false,
          "label": "Last Updated",
          "rank": 1,
          "style": Object {
            "marginLeft": "1em",
          },
          "tooltip": "Most recent SOH data received",
          "tooltipForIssue": "SOH data has not updated in over 30 seconds",
          "type": "LabelValue",
          "value": "1970/01/01 02:46:40",
          "widthPx": 400,
        },
        Object {
          "label": "Update Interval",
          "rank": 2,
          "tooltip": "Interval at which SOH data is processed",
          "type": "LabelValue",
          "value": "1 second",
          "widthPx": 400,
        },
      ]
    }
    itemsLeft={
      Array [
        Object {
          "colors": Map {
            "GOOD" => "#fff",
            "MARGINAL" => "#fff",
            "BAD" => "#fff",
            "NONE" => "NULL_CHECKBOX_COLOR_SWATCH",
          },
          "cyData": "filter-soh",
          "enumKeysToDisplayStrings": Map {
            "GOOD" => "Good",
            "MARGINAL" => "Marginal",
            "BAD" => "Bad",
            "NONE" => "None",
          },
          "enumOfKeys": Object {
            "BAD": "BAD",
            "GOOD": "GOOD",
            "MARGINAL": "MARGINAL",
            "NONE": "NONE",
          },
          "label": "",
          "menuLabel": "",
          "onChange": [MockFunction],
          "onPopUp": [Function],
          "onPopoverDismissed": [Function],
          "rank": 1,
          "tooltip": "test tooltip",
          "type": "CheckboxList",
          "values": Map {
            "GOOD" => true,
          },
          "widthPx": 200,
        },
        Object {
          "custom": false,
          "dropdownOptions": Object {},
          "onChange": [MockFunction],
          "rank": 2,
          "value": Object {},
        },
      ]
    }
    widthPx={1000}
  >
    <ToolbarComponent
      items={
        Array [
          Object {
            "hasIssue": false,
            "label": "Last Updated",
            "rank": 1,
            "style": Object {
              "marginLeft": "1em",
            },
            "tooltip": "Most recent SOH data received",
            "tooltipForIssue": "SOH data has not updated in over 30 seconds",
            "type": "LabelValue",
            "value": "1970/01/01 02:46:40",
            "widthPx": 400,
          },
          Object {
            "label": "Update Interval",
            "rank": 2,
            "tooltip": "Interval at which SOH data is processed",
            "type": "LabelValue",
            "value": "1 second",
            "widthPx": 400,
          },
        ]
      }
      itemsLeft={
        Array [
          Object {
            "colors": Map {
              "GOOD" => "#fff",
              "MARGINAL" => "#fff",
              "BAD" => "#fff",
              "NONE" => "NULL_CHECKBOX_COLOR_SWATCH",
            },
            "cyData": "filter-soh",
            "enumKeysToDisplayStrings": Map {
              "GOOD" => "Good",
              "MARGINAL" => "Marginal",
              "BAD" => "Bad",
              "NONE" => "None",
            },
            "enumOfKeys": Object {
              "BAD": "BAD",
              "GOOD": "GOOD",
              "MARGINAL": "MARGINAL",
              "NONE": "NONE",
            },
            "label": "",
            "menuLabel": "",
            "onChange": [MockFunction],
            "onPopUp": [Function],
            "onPopoverDismissed": [Function],
            "rank": 1,
            "tooltip": "test tooltip",
            "type": "CheckboxList",
            "values": Map {
              "GOOD" => true,
            },
            "widthPx": 200,
          },
          Object {
            "custom": false,
            "dropdownOptions": Object {},
            "onChange": [MockFunction],
            "rank": 2,
            "value": Object {},
          },
        ]
      }
      minWhiteSpacePx={1}
      toolbarWidthPx={960}
      widthPx={1000}
    >
      <div
        className="toolbar"
        style={
          Object {
            "width": "960px",
          }
        }
      >
        <div
          className="toolbar__left-group"
        >
          <div
            className="toolbar-item toolbar-item__left"
            key="1"
          >
            <Component
              addToPopoverMap={[Function]}
              hasIssue={false}
              item={
                Object {
                  "colors": Map {
                    "GOOD" => "#fff",
                    "MARGINAL" => "#fff",
                    "BAD" => "#fff",
                    "NONE" => "NULL_CHECKBOX_COLOR_SWATCH",
                  },
                  "cyData": "filter-soh",
                  "enumKeysToDisplayStrings": Map {
                    "GOOD" => "Good",
                    "MARGINAL" => "Marginal",
                    "BAD" => "Bad",
                    "NONE" => "None",
                  },
                  "enumOfKeys": Object {
                    "BAD": "BAD",
                    "GOOD": "GOOD",
                    "MARGINAL": "MARGINAL",
                    "NONE": "NONE",
                  },
                  "label": "",
                  "menuLabel": "",
                  "onChange": [MockFunction],
                  "onPopUp": [Function],
                  "onPopoverDismissed": [Function],
                  "rank": 1,
                  "tooltip": "test tooltip",
                  "type": "CheckboxList",
                  "values": Map {
                    "GOOD" => true,
                  },
                  "widthPx": 200,
                }
              }
              key="1"
            >
              <div
                style={Object {}}
              >
                <PopoverButtonComponent
                  cyData="filter-soh"
                  key="1"
                  label=""
                  onClick={[Function]}
                  onPopoverDismissed={[Function]}
                  popupContent={
                    <CheckboxList
                      checkboxEnum={
                        Object {
                          "BAD": "BAD",
                          "GOOD": "GOOD",
                          "MARGINAL": "MARGINAL",
                          "NONE": "NONE",
                        }
                      }
                      enumKeysToDisplayStrings={
                        Map {
                          "GOOD" => "Good",
                          "MARGINAL" => "Marginal",
                          "BAD" => "Bad",
                          "NONE" => "None",
                        }
                      }
                      enumToCheckedMap={
                        Map {
                          "GOOD" => true,
                        }
                      }
                      enumToColorMap={
                        Map {
                          "GOOD" => "#fff",
                          "MARGINAL" => "#fff",
                          "BAD" => "#fff",
                          "NONE" => "NULL_CHECKBOX_COLOR_SWATCH",
                        }
                      }
                      onChange={[Function]}
                    />
                  }
                  tooltip="test tooltip"
                  widthPx={200}
                >
                  <div
                    data-cy="filter-soh"
                  >
                    <Blueprint3.Button
                      active={false}
                      alignText="left"
                      className="toolbar-button"
                      onClick={[Function]}
                      style={
                        Object {
                          "width": "200px",
                        }
                      }
                      title="test tooltip"
                    >
                      <button
                        className="bp3-button bp3-align-left toolbar-button"
                        onClick={[Function]}
                        onKeyDown={[Function]}
                        onKeyUp={[Function]}
                        style={
                          Object {
                            "width": "200px",
                          }
                        }
                        title="test tooltip"
                        type="button"
                      >
                        <Blueprint3.Icon
                          key="leftIcon"
                        />
                        <span
                          className="bp3-button-text"
                          key="text"
                        >
                          <span />
                          <Blueprint3.Icon
                            icon="chevron-down"
                            title={false}
                          >
                            <span
                              className="bp3-icon bp3-icon-chevron-down"
                              icon="chevron-down"
                            >
                              <svg
                                data-icon="chevron-down"
                                height={16}
                                viewBox="0 0 16 16"
                                width={16}
                              >
                                <path
                                  d="M12 5c-.28 0-.53.11-.71.29L8 8.59l-3.29-3.3a1.003 1.003 0 00-1.42 1.42l4 4c.18.18.43.29.71.29s.53-.11.71-.29l4-4A1.003 1.003 0 0012 5z"
                                  fillRule="evenodd"
                                  key="0"
                                />
                              </svg>
                            </span>
                          </Blueprint3.Icon>
                        </span>
                        <Blueprint3.Icon
                          key="rightIcon"
                        />
                      </button>
                    </Blueprint3.Button>
                  </div>
                </PopoverButtonComponent>
              </div>
            </Component>
          </div>
          <div
            className="toolbar-item toolbar-item__left"
            key="2"
          >
            <Component
              addToPopoverMap={[Function]}
              hasIssue={false}
              item={
                Object {
                  "custom": false,
                  "dropdownOptions": Object {},
                  "onChange": [MockFunction],
                  "rank": 2,
                  "value": Object {},
                }
              }
              key="2"
            >
              <div />
            </Component>
          </div>
        </div>
        <div
          className="toolbar__center-group"
        >
          <div
            className="toolbar__whitespace"
            style={
              Object {
                "width": "944px",
              }
            }
          />
        </div>
        <div
          className="toolbar__right-group"
        >
          <div
            className="toolbar-item
                    "
            key="1"
          >
            <Component
              addToPopoverMap={[Function]}
              hasIssue={false}
              item={
                Object {
                  "hasIssue": false,
                  "label": "Last Updated",
                  "rank": 1,
                  "style": Object {
                    "marginLeft": "1em",
                  },
                  "tooltip": "Most recent SOH data received",
                  "tooltipForIssue": "SOH data has not updated in over 30 seconds",
                  "type": "LabelValue",
                  "value": "1970/01/01 02:46:40",
                  "widthPx": 400,
                }
              }
              key="1"
            >
              <div
                className="toolbar-label-value"
                style={
                  Object {
                    "marginLeft": "1em",
                  }
                }
              >
                <Component
                  label="Last Updated"
                  tooltip="Most recent SOH data received"
                  value="1970/01/01 02:46:40"
                >
                  <div
                    className="label-value-container"
                  >
                    <div
                      className="label-value__label"
                    >
                      Last Updated: 
                    </div>
                    <div
                      className="label-value__value"
                      style={
                        Object {
                          "color": "",
                        }
                      }
                      title="Most recent SOH data received"
                    >
                      1970/01/01 02:46:40
                    </div>
                  </div>
                </Component>
              </div>
            </Component>
          </div>
          <div
            className="toolbar-item
                    "
            key="2"
          >
            <Component
              addToPopoverMap={[Function]}
              hasIssue={false}
              item={
                Object {
                  "label": "Update Interval",
                  "rank": 2,
                  "tooltip": "Interval at which SOH data is processed",
                  "type": "LabelValue",
                  "value": "1 second",
                  "widthPx": 400,
                }
              }
              key="2"
            >
              <div
                className="toolbar-label-value"
                style={Object {}}
              >
                <Component
                  label="Update Interval"
                  tooltip="Interval at which SOH data is processed"
                  value="1 second"
                >
                  <div
                    className="label-value-container"
                  >
                    <div
                      className="label-value__label"
                    >
                      Update Interval: 
                    </div>
                    <div
                      className="label-value__value"
                      style={
                        Object {
                          "color": "",
                        }
                      }
                      title="Interval at which SOH data is processed"
                    >
                      1 second
                    </div>
                  </div>
                </Component>
              </div>
            </Component>
          </div>
        </div>
      </div>
    </ToolbarComponent>
  </Component>
</Component>
`;
