// Jest Snapshot v1, https://goo.gl/fbAQLP

exports[`compute beam tests compute beam 1`] = `
Array [
  "0.08286",
  "0.08582",
  "0.20196",
  "0.30447",
  "0.24806",
  "0.27937",
  "0.22503",
  "0.17389",
  "0.04231",
  "-0.19466",
  "-0.08193",
  "0.15049",
  "0.14326",
  "-0.06716",
  "-0.13891",
  "-0.03535",
  "-0.12870",
  "-0.31964",
  "-0.42750",
  "-0.48952",
  "-0.46953",
  "-0.42207",
  "-0.37408",
  "-0.31870",
  "-0.32088",
  "-0.41466",
  "-0.53547",
  "-0.55573",
  "-0.52473",
  "-0.44395",
  "-0.42508",
  "-0.42551",
  "-0.33688",
  "-0.40108",
  "-0.49627",
  "-0.55440",
  "-0.58532",
  "-0.50035",
  "-0.29299",
  "-0.10878",
  "-0.08473",
  "-0.12180",
  "-0.26344",
  "-0.21140",
  "-0.15596",
  "-0.17838",
  "-0.01542",
  "-0.13026",
  "-0.17901",
  "-0.23621",
  "-0.44856",
  "-0.35869",
  "-0.35061",
  "-0.32333",
  "-0.29501",
  "-0.35097",
  "-0.32844",
  "-0.37087",
  "-0.23528",
  "-0.19784",
  "-0.28647",
  "-0.22049",
  "-0.24840",
  "-0.26511",
  "-0.15352",
  "-0.08104",
  "-0.16615",
  "-0.21143",
  "-0.16549",
  "-0.21068",
  "-0.16915",
  "0.02332",
  "0.08404",
  "0.02121",
  "-0.00316",
  "-0.16600",
  "-0.16404",
  "0.08389",
  "0.11019",
  "0.07499",
  "0.07621",
  "-0.06778",
  "-0.21033",
  "-0.30481",
  "-0.42969",
  "-0.42903",
  "-0.31965",
  "-0.26496",
  "-0.26514",
  "-0.28313",
  "-0.24102",
  "-0.19769",
  "-0.18964",
  "-0.10559",
  "0.01023",
  "0.14668",
  "0.23087",
  "0.34233",
  "0.51565",
  "0.50432",
]
`;
