// Jest Snapshot v1, https://goo.gl/fbAQLP

exports[`events by time range get events for time in STDS 1`] = `
Array [
  "id",
  "rejectedSignalDetectionAssociations",
  "monitoringOrganization",
  "hypotheses",
  "finalEventHypothesisHistory",
  "preferredEventHypothesisHistory",
]
`;
