// Jest Snapshot v1, https://goo.gl/fbAQLP

exports[`transferred file by name tests transferred file by name 1`] = `Array []`;
